// Jest Snapshot v1, https://goo.gl/fbAQLP

exports[`AddLabelsComp should display labels on action 1`] = `
<Fragment>
  <div
    className="node_asset"
    key="label-0"
  >
    <div
      style={
        Object {
          "display": "inline-flex",
        }
      }
    >
      <temba-icon
        className="node_group"
        name="label"
        style={
          Object {
            "marginRight": 4,
          }
        }
      />
      Help
    </div>
  </div>
  <div
    className="node_asset"
    key="label-1"
  >
    <div
      style={
        Object {
          "display": "inline-flex",
        }
      }
    >
      <temba-icon
        className="node_group"
        name="label"
        style={
          Object {
            "marginRight": 4,
          }
        }
      />
      New
    </div>
  </div>
  <div
    className="node_asset"
    key="label-2"
  >
    <div
      style={
        Object {
          "display": "inline-flex",
        }
      }
    >
      <temba-icon
        className="node_group"
        name="label"
        style={
          Object {
            "marginRight": 4,
          }
        }
      />
      Feedback
    </div>
  </div>
  <div
    className="node_asset"
    key="label-3"
  >
    <div
      style={
        Object {
          "display": "inline-flex",
        }
      }
    >
      <temba-icon
        className="node_group"
        name="label"
        style={
          Object {
            "marginRight": 4,
          }
        }
      />
      Needs Attention
    </div>
  </div>
  <div
    key="ellipses"
  >
    +
    2
     more
  </div>
</Fragment>
`;
