// Jest Snapshot v1, https://goo.gl/fbAQLP

exports[`CheckboxElement should render a checkbox element with title, description: unchecked 1`] = `
<CheckboxElement
  checkboxClassName="checkbox"
  checked={false}
  description="All Destinations"
  labelClassName="label"
  name="Checkbox"
  onChange={[MockFunction]}
  title="Checkbox"
>
  <temba-checkbox
    help_text="All Destinations"
    label="Checkbox"
  />
</CheckboxElement>
`;
