// Jest Snapshot v1, https://goo.gl/fbAQLP

exports[`Dialog should render 1`] = `
<body>
  <div>
    <div
      class="dialog"
    >
      <div
        class="header header-class iconed barber"
      >
        <span
          class="header_icon fe-icon"
        />
        <div
          class="title_container"
        >
          <div
            class="title"
          >
            My Dialog
          </div>
          <div
            class="subtitle"
          >
            Subtitlf
          </div>
        </div>
      </div>
      <div
        class="content"
      />
      <div
        class="footer"
      >
        <div
          class="buttons"
        >
          <div
            class="left_buttons"
          >
            <div
              class="btn tertiary  "
              style="margin-left: 0px; margin-top: 0px;"
            >
              Other
            </div>
          </div>
          <div
            class="gutter"
          >
            <div>
              The Gutter
            </div>
          </div>
          <div
            class="right_buttons"
          >
            <div
              class="btn secondary  "
              style="margin-left: 0px; margin-top: 0px;"
            >
              Cancel
            </div>
            <div
              class="btn primary  "
              style="margin-left: 10px; margin-top: 0px;"
            >
              Ok
            </div>
          </div>
        </div>
      </div>
    </div>
  </div>
  <temba-store />
</body>
`;
