// Jest Snapshot v1, https://goo.gl/fbAQLP

exports[`Fixy renders 1`] = `
<body>
  <div>
    <div
      style="position: absolute;"
    />
  </div>
  <temba-store />
</body>
`;
