// Jest Snapshot v1, https://goo.gl/fbAQLP

exports[`Simulator renders 1`] = `
<div
  className=""
>
  <PopTab
    className="simulator"
    color="#2db379"
    custom={true}
    header="Simulator"
    icon="simulator"
    label="Run in Simulator"
    onHide={[Function]}
    onShow={[Function]}
    popTop="0px"
    top="220px"
    visible={false}
  >
    <div
      className="sim_container"
      id="sim_container"
    >
      <div>
        <div
          className="simulator sim_hidden"
          id="simulator"
          key="sim"
        >
          <ContextExplorer
            onClose={[Function]}
            visible={false}
          />
          <div
            className="screen"
          >
            <div
              className="header"
            >
              <div
                className="close"
                onClick={[Function]}
              >
                <temba-icon
                  name="close"
                />
              </div>
            </div>
            <div
              className="messages"
              style={
                Object {
                  "height": 366,
                }
              }
            >
              <div
                id="bottom"
                style={
                  Object {
                    "clear": "both",
                    "float": "left",
                    "marginTop": 20,
                  }
                }
              />
            </div>
            <div
              className="controls"
            >
              <input
                disabled={false}
                onKeyUp={[Function]}
                placeholder="Press home to start again"
                type="text"
              />
              <div
                className="show_attachments_button"
              >
                <temba-icon
                  name="attachment"
                  onClick={[Function]}
                />
              </div>
            </div>
            <div
              className="attachment_buttons "
            >
              <temba-icon
                name="close"
                onClick={[Function]}
              />
              <div
                style={
                  Object {
                    "flexGrow": 1,
                  }
                }
              />
              <temba-icon
                name="attachment_image"
                onClick={[Function]}
              />
              <temba-icon
                name="attachment_video"
                onClick={[Function]}
              />
              <temba-icon
                name="attachment_audio"
                onClick={[Function]}
              />
              <temba-icon
                name="attachment_location"
                onClick={[Function]}
              />
              <div
                style={
                  Object {
                    "flexGrow": 2,
                  }
                }
              />
            </div>
            <div
              className="drawer  forced"
              style={
                Object {
                  "bottom": -0,
                }
              }
            />
            <div
              className="footer"
            >
              <div
                className="show_context_button"
              >
                <div
                  className="context-button"
                  onClick={[Function]}
                >
                  <temba-icon
                    name="expressions"
                  />
                </div>
              </div>
              <span
                className="reset inactive"
                onClick={[Function]}
              />
            </div>
          </div>
        </div>
      </div>
    </div>
  </PopTab>
</div>
`;
