// Jest Snapshot v1, https://goo.gl/fbAQLP

exports[`SendBroadcastComp render should render a long list of both: elided 1`] = `"<div class=\\"node\\"><div class=\\"to\\"><div class=\\"node_asset\\"><div style=\\"display:inline-flex\\"><temba-icon style=\\"margin-right:4px\\" name=\\"group\\" className=\\"node_group\\"></temba-icon>Cat Facts</div></div><div class=\\"node_asset\\"><div style=\\"display:inline-flex\\"><temba-icon style=\\"margin-right:4px\\" name=\\"group\\" className=\\"node_group\\"></temba-icon>Cat Fanciers</div></div><div class=\\"node_asset\\"><div style=\\"display:inline-flex\\"><temba-icon style=\\"margin-right:4px\\" name=\\"group\\" className=\\"node_group\\"></temba-icon>Cat Tattoos</div></div><div class=\\"node_asset\\">Norbert Kwizera</div><div>+2 more</div></div><div class=\\"message\\"><div class=\\"line\\">Some broadcast message</div></div></div>"`;

exports[`SendBroadcastComp render should render with contacts: contacts 1`] = `"<div class=\\"node\\"><div class=\\"to\\"><div class=\\"node_asset\\">Norbert Kwizera</div><div class=\\"node_asset\\">Kellan Alexander</div></div><div class=\\"message\\"><div class=\\"line\\">Some broadcast message</div></div></div>"`;

exports[`SendBroadcastComp render should render with groups: groups 1`] = `"<div class=\\"node\\"><div class=\\"to\\"><div class=\\"node_asset\\"><div style=\\"display:inline-flex\\"><temba-icon style=\\"margin-right:4px\\" name=\\"group\\" className=\\"node_group\\"></temba-icon>Cat Facts</div></div><div class=\\"node_asset\\"><div style=\\"display:inline-flex\\"><temba-icon style=\\"margin-right:4px\\" name=\\"group\\" className=\\"node_group\\"></temba-icon>Cat Fanciers</div></div></div><div class=\\"message\\"><div class=\\"line\\">Some broadcast message</div></div></div>"`;
