// Jest Snapshot v1, https://goo.gl/fbAQLP

exports[`Flipper should flip 1`] = `
<body>
  <temba-store />
  <div>
    <div
      class="flipper flipped"
    >
      <div
        class="side front"
      >
        <span
          class="toggle_button fe-cog"
          data-testid="flip"
        />
        <div>
          Front
        </div>
      </div>
      <div
        class="side back"
      >
        <span
          class="toggle_button fe-back"
        />
        <div>
          Back
        </div>
      </div>
    </div>
  </div>
  <temba-store />
</body>
`;

exports[`Flipper should render 1`] = `
<body>
  <div>
    <div
      class="flipper"
    >
      <div
        class="side front"
      >
        <span
          class="toggle_button fe-cog"
          data-testid="flip"
        />
        <div>
          Front
        </div>
      </div>
      <div
        class="side back"
      >
        <span
          class="toggle_button fe-back"
        />
        <div>
          Back
        </div>
      </div>
    </div>
  </div>
  <temba-store />
</body>
`;
